[Architectury Transformer DEBUG] 
[Architectury Transformer DEBUG] ============================
[Architectury Transformer DEBUG] Transforming from E:\Minecraft Modding Workspaces\smart_pick-1.20.x\common\build\devlibs\smart_pick-common-1.0.0-1.20.4-dev.jar to E:\Minecraft Modding Workspaces\smart_pick-1.20.x\common\build\libs\smart_pick-common-1.0.0-1.20.4-transformProductionFabric.jar
[Architectury Transformer DEBUG] ============================
[Architectury Transformer DEBUG] 
[Architectury Transformer DEBUG] Transforming 5 transformer(s) from E:\Minecraft Modding Workspaces\smart_pick-1.20.x\common\build\devlibs\smart_pick-common-1.0.0-1.20.4-dev.jar to E:\Minecraft Modding Workspaces\smart_pick-1.20.x\common\build\libs\smart_pick-common-1.0.0-1.20.4-transformProductionFabric.jar: 
[Architectury Transformer DEBUG]  - dev.architectury.transformer.transformers.RemapMixinVariables@23210594
[Architectury Transformer DEBUG]  - dev.architectury.transformer.transformers.TransformExpectPlatform@dcf41f5
[Architectury Transformer DEBUG]  - dev.architectury.transformer.transformers.RemapInjectables@6de47661
[Architectury Transformer DEBUG]  - AddRefmapName(enabled=() -> kotlin.Boolean)
[Architectury Transformer DEBUG]  - dev.architectury.transformer.transformers.TransformPlatformOnly@51ce8ad
[Architectury Transformer DEBUG] Transforming from E:\Minecraft Modding Workspaces\smart_pick-1.20.x\common\build\devlibs\smart_pick-common-1.0.0-1.20.4-dev.jar to E:\Minecraft Modding Workspaces\smart_pick-1.20.x\common\build\libs\smart_pick-common-1.0.0-1.20.4-transformProductionFabric.jar with 5 transformer(s) on dev.architectury.transformer.handler.SimpleTransformerHandler
[Architectury Transformer DEBUG] Reading mixin mappings file: E:\Minecraft Modding Workspaces\smart_pick-1.20.x\common\build\loom-cache\mixin-map-loom.mappings.1_20_4.layered+hash.40359-v2.main.tiny
[Architectury Transformer DEBUG] Remapping with 1 mapping provider(s):
[Architectury Transformer DEBUG]  - dev.architectury.transformer.shadowed.impl.dev.architectury.tinyremapper.TinyUtils$$Lambda/0x000002105010a410@7cb8c933
[Architectury Transformer DEBUG] Provided 56 classpath jar(s):
[Architectury Transformer DEBUG]  - E:\GradleFiles\caches\modules-2\files-2.1\dev.architectury\architectury-injectables\1.0.10\62db2a366d662606d1b23ad02ccc3212ed37ec3\architectury-injectables-1.0.10.jar
[Architectury Transformer DEBUG]  - E:\GradleFiles\caches\modules-2\files-2.1\net.fabricmc\fabric-loader\0.18.4\dc4682125d5db647d6ce80a98b98945835adcd4b\fabric-loader-0.18.4.jar
[Architectury Transformer DEBUG]  - E:\GradleFiles\caches\modules-2\files-2.1\org.jetbrains\annotations\26.0.2\c7ce3cdeda3d18909368dfe5977332dfad326c6d\annotations-26.0.2.jar
[Architectury Transformer DEBUG]  - E:\GradleFiles\caches\modules-2\files-2.1\org.ow2.asm\asm\9.9\c29635c8a7afa03d74b33c1884df8abb2b3f3dcc\asm-9.9.jar
[Architectury Transformer DEBUG]  - E:\GradleFiles\caches\modules-2\files-2.1\org.ow2.asm\asm-analysis\9.9\bf4fa6e66638851c1cd22c2caea0c3ee5d5f437\asm-analysis-9.9.jar
[Architectury Transformer DEBUG]  - E:\GradleFiles\caches\modules-2\files-2.1\org.ow2.asm\asm-commons\9.9\db9165a3bf908ded6b08612d583a15d1d0c7bda0\asm-commons-9.9.jar
[Architectury Transformer DEBUG]  - E:\GradleFiles\caches\modules-2\files-2.1\org.ow2.asm\asm-tree\9.9\f8de6eead6d24dd0f45bd065bbe112b2cda6ea21\asm-tree-9.9.jar
[Architectury Transformer DEBUG]  - E:\GradleFiles\caches\modules-2\files-2.1\org.ow2.asm\asm-util\9.9\42fdfc0508b43807c8078d6e82ecff2ce2112ae8\asm-util-9.9.jar
[Architectury Transformer DEBUG]  - E:\GradleFiles\caches\modules-2\files-2.1\net.fabricmc\sponge-mixin\0.17.0+mixin.0.8.7\cf31463202f72d03b0ef1e1e38e8ee71b7faaab6\sponge-mixin-0.17.0+mixin.0.8.7.jar
[Architectury Transformer DEBUG]  - E:\GradleFiles\caches\modules-2\files-2.1\io.github.llamalad7\mixinextras-fabric\0.5.0\91a83dfb7abd320f6236bd1fcf5c0ff143d59a13\mixinextras-fabric-0.5.0.jar
[Architectury Transformer DEBUG]  - E:\GradleFiles\caches\modules-2\files-2.1\com.github.oshi\oshi-core\6.4.5\943ba26de047eb6b28fff47f5ee939a34eb5fc8e\oshi-core-6.4.5.jar
[Architectury Transformer DEBUG]  - E:\GradleFiles\caches\modules-2\files-2.1\com.google.code.gson\gson\2.10.1\b3add478d4382b78ea20b1671390a858002feb6c\gson-2.10.1.jar
[Architectury Transformer DEBUG]  - E:\GradleFiles\caches\modules-2\files-2.1\com.google.guava\failureaccess\1.0.1\1dcf1de382a0bf95a3d8b0849546c88bac1292c9\failureaccess-1.0.1.jar
[Architectury Transformer DEBUG]  - E:\GradleFiles\caches\modules-2\files-2.1\com.google.guava\guava\32.1.2-jre\5e64ec7e056456bef3a4bc4c6fdaef71e8ab6318\guava-32.1.2-jre.jar
[Architectury Transformer DEBUG]  - E:\GradleFiles\caches\modules-2\files-2.1\com.ibm.icu\icu4j\73.2\61ad4ef7f9131fcf6d25c34b817f90d6da06c9e9\icu4j-73.2.jar
[Architectury Transformer DEBUG]  - E:\GradleFiles\caches\modules-2\files-2.1\com.mojang\authlib\6.0.52\65085e2eb921c4a3ebdde3d248637f1776e6d80d\authlib-6.0.52.jar
[Architectury Transformer DEBUG]  - E:\GradleFiles\caches\modules-2\files-2.1\com.mojang\blocklist\1.0.10\5c685c5ffa94c4cd39496c7184c1d122e515ecef\blocklist-1.0.10.jar
[Architectury Transformer DEBUG]  - E:\GradleFiles\caches\modules-2\files-2.1\com.mojang\brigadier\1.2.9\73e324f2ee541493a5179abf367237faa782ed21\brigadier-1.2.9.jar
[Architectury Transformer DEBUG]  - E:\GradleFiles\caches\modules-2\files-2.1\com.mojang\datafixerupper\6.0.8\3ba4a30557a9b057760af4011f909ba619fc5125\datafixerupper-6.0.8.jar
[Architectury Transformer DEBUG]  - E:\GradleFiles\caches\modules-2\files-2.1\com.mojang\logging\1.1.1\832b8e6674a9b325a5175a3a6267dfaf34c85139\logging-1.1.1.jar
[Architectury Transformer DEBUG]  - E:\GradleFiles\caches\modules-2\files-2.1\com.mojang\patchy\2.2.10\da05971b07cbb379d002cf7eaec6a2048211fefc\patchy-2.2.10.jar
[Architectury Transformer DEBUG]  - E:\GradleFiles\caches\modules-2\files-2.1\com.mojang\text2speech\1.17.9\3cad216e3a7f0c19b4b394388bc9ffc446f13b14\text2speech-1.17.9.jar
[Architectury Transformer DEBUG]  - E:\GradleFiles\caches\modules-2\files-2.1\commons-codec\commons-codec\1.16.0\4e3eb3d79888d76b54e28b350915b5dc3919c9de\commons-codec-1.16.0.jar
[Architectury Transformer DEBUG]  - E:\GradleFiles\caches\modules-2\files-2.1\commons-io\commons-io\2.13.0\8bb2bc9b4df17e2411533a0708a69f983bf5e83b\commons-io-2.13.0.jar
[Architectury Transformer DEBUG]  - E:\GradleFiles\caches\modules-2\files-2.1\commons-logging\commons-logging\1.2\4bfc12adfe4842bf07b657f0369c4cb522955686\commons-logging-1.2.jar
[Architectury Transformer DEBUG]  - E:\GradleFiles\caches\modules-2\files-2.1\io.netty\netty-buffer\4.1.97.Final\f8f3d8644afa5e6e1a40a3a6aeb9d9aa970ecb4f\netty-buffer-4.1.97.Final.jar
[Architectury Transformer DEBUG]  - E:\GradleFiles\caches\modules-2\files-2.1\io.netty\netty-codec\4.1.97.Final\384ba4d75670befbedb45c4d3b497a93639c206d\netty-codec-4.1.97.Final.jar
[Architectury Transformer DEBUG]  - E:\GradleFiles\caches\modules-2\files-2.1\io.netty\netty-common\4.1.97.Final\7cceacaf11df8dc63f23d0fb58e9d4640fc88404\netty-common-4.1.97.Final.jar
[Architectury Transformer DEBUG]  - E:\GradleFiles\caches\modules-2\files-2.1\io.netty\netty-handler\4.1.97.Final\abb86c6906bf512bf2b797a41cd7d2e8d3cd7c36\netty-handler-4.1.97.Final.jar
[Architectury Transformer DEBUG]  - E:\GradleFiles\caches\modules-2\files-2.1\io.netty\netty-resolver\4.1.97.Final\cec8348108dc76c47cf87c669d514be52c922144\netty-resolver-4.1.97.Final.jar
[Architectury Transformer DEBUG]  - E:\GradleFiles\caches\modules-2\files-2.1\io.netty\netty-transport-classes-epoll\4.1.97.Final\795da37ded759e862457a82d9d92c4d39ce8ecee\netty-transport-classes-epoll-4.1.97.Final.jar
[Architectury Transformer DEBUG]  - E:\GradleFiles\caches\modules-2\files-2.1\io.netty\netty-transport-native-unix-common\4.1.97.Final\d469d84265ab70095b01b40886cabdd433b6e664\netty-transport-native-unix-common-4.1.97.Final.jar
[Architectury Transformer DEBUG]  - E:\GradleFiles\caches\modules-2\files-2.1\io.netty\netty-transport\4.1.97.Final\f37380d23c9bb079bc702910833b2fd532c9abd0\netty-transport-4.1.97.Final.jar
[Architectury Transformer DEBUG]  - E:\GradleFiles\caches\modules-2\files-2.1\it.unimi.dsi\fastutil\8.5.12\c24946d46824bd528054bface3231d2ecb7e95e8\fastutil-8.5.12.jar
[Architectury Transformer DEBUG]  - E:\GradleFiles\caches\modules-2\files-2.1\net.java.dev.jna\jna-platform\5.13.0\88e9a306715e9379f3122415ef4ae759a352640d\jna-platform-5.13.0.jar
[Architectury Transformer DEBUG]  - E:\GradleFiles\caches\modules-2\files-2.1\net.java.dev.jna\jna\5.13.0\1200e7ebeedbe0d10062093f32925a912020e747\jna-5.13.0.jar
[Architectury Transformer DEBUG]  - E:\GradleFiles\caches\modules-2\files-2.1\net.sf.jopt-simple\jopt-simple\5.0.4\4fdac2fbe92dfad86aa6e9301736f6b4342a3f5c\jopt-simple-5.0.4.jar
[Architectury Transformer DEBUG]  - E:\GradleFiles\caches\modules-2\files-2.1\org.apache.commons\commons-compress\1.22\691a8b4e6cf4248c3bc72c8b719337d5cb7359fa\commons-compress-1.22.jar
[Architectury Transformer DEBUG]  - E:\GradleFiles\caches\modules-2\files-2.1\org.apache.commons\commons-lang3\3.13.0\b7263237aa89c1f99b327197c41d0669707a462e\commons-lang3-3.13.0.jar
[Architectury Transformer DEBUG]  - E:\GradleFiles\caches\modules-2\files-2.1\org.apache.httpcomponents\httpclient\4.5.13\e5f6cae5ca7ecaac1ec2827a9e2d65ae2869cada\httpclient-4.5.13.jar
[Architectury Transformer DEBUG]  - E:\GradleFiles\caches\modules-2\files-2.1\org.apache.httpcomponents\httpcore\4.4.16\51cf043c87253c9f58b539c9f7e44c8894223850\httpcore-4.4.16.jar
[Architectury Transformer DEBUG]  - E:\GradleFiles\caches\modules-2\files-2.1\org.apache.logging.log4j\log4j-api\2.19.0\ea1b37f38c327596b216542bc636cfdc0b8036fa\log4j-api-2.19.0.jar
[Architectury Transformer DEBUG]  - E:\GradleFiles\caches\modules-2\files-2.1\org.apache.logging.log4j\log4j-core\2.19.0\3b6eeb4de4c49c0fe38a4ee27188ff5fee44d0bb\log4j-core-2.19.0.jar
[Architectury Transformer DEBUG]  - E:\GradleFiles\caches\modules-2\files-2.1\org.apache.logging.log4j\log4j-slf4j2-impl\2.19.0\5c04bfdd63ce9dceb2e284b81e96b6a70010ee10\log4j-slf4j2-impl-2.19.0.jar
[Architectury Transformer DEBUG]  - E:\GradleFiles\caches\modules-2\files-2.1\org.joml\joml\1.10.5\22566d58af70ad3d72308bab63b8339906deb649\joml-1.10.5.jar
[Architectury Transformer DEBUG]  - E:\GradleFiles\caches\modules-2\files-2.1\org.lwjgl\lwjgl-glfw\3.3.2\757920418805fb90bfebb3d46b1d9e7669fca2eb\lwjgl-glfw-3.3.2.jar
[Architectury Transformer DEBUG]  - E:\GradleFiles\caches\modules-2\files-2.1\org.lwjgl\lwjgl-jemalloc\3.3.2\877e17e39ebcd58a9c956dc3b5b777813de0873a\lwjgl-jemalloc-3.3.2.jar
[Architectury Transformer DEBUG]  - E:\GradleFiles\caches\modules-2\files-2.1\org.lwjgl\lwjgl-openal\3.3.2\ae5357ed6d934546d3533993ea84c0cfb75eed95\lwjgl-openal-3.3.2.jar
[Architectury Transformer DEBUG]  - E:\GradleFiles\caches\modules-2\files-2.1\org.lwjgl\lwjgl-opengl\3.3.2\ee8e95be0b438602038bc1f02dc5e3d011b1b216\lwjgl-opengl-3.3.2.jar
[Architectury Transformer DEBUG]  - E:\GradleFiles\caches\modules-2\files-2.1\org.lwjgl\lwjgl-stb\3.3.2\a2550795014d622b686e9caac50b14baa87d2c70\lwjgl-stb-3.3.2.jar
[Architectury Transformer DEBUG]  - E:\GradleFiles\caches\modules-2\files-2.1\org.lwjgl\lwjgl-tinyfd\3.3.2\9f65c248dd77934105274fcf8351abb75b34327c\lwjgl-tinyfd-3.3.2.jar
[Architectury Transformer DEBUG]  - E:\GradleFiles\caches\modules-2\files-2.1\org.lwjgl\lwjgl\3.3.2\4421d94af68e35dcaa31737a6fc59136a1e61b94\lwjgl-3.3.2.jar
[Architectury Transformer DEBUG]  - E:\GradleFiles\caches\modules-2\files-2.1\org.slf4j\slf4j-api\2.0.7\41eb7184ea9d556f23e18b5cb99cad1f8581fc00\slf4j-api-2.0.7.jar
[Architectury Transformer DEBUG]  - E:\GradleFiles\caches\fabric-loom\minecraftMaven\net\minecraft\minecraft-merged\1.20.4-loom.mappings.1_20_4.layered+hash.40359-v2\minecraft-merged-1.20.4-loom.mappings.1_20_4.layered+hash.40359-v2.jar
[Architectury Transformer DEBUG]  - E:\GradleFiles\caches\modules-2\files-2.1\io.netty\netty-transport-native-epoll\4.1.97.Final\54188f271e388e7f313aea995e82f58ce2cdb809\netty-transport-native-epoll-4.1.97.Final-linux-x86_64.jar
[Architectury Transformer DEBUG]  - E:\GradleFiles\caches\modules-2\files-2.1\io.netty\netty-transport-native-epoll\4.1.97.Final\5514744c588190ffda076b35a9b8c9f24946a960\netty-transport-native-epoll-4.1.97.Final-linux-aarch_64.jar
[Architectury Transformer] Read classpath in 1.573 s
[Architectury Transformer DEBUG] Remapping Classes:
[Architectury Transformer DEBUG] Found class transformer
[Architectury Transformer DEBUG] Writing dev/dacommander31/smart_pick/util/PickBlockMapParser with maxs=true frames=true
[Architectury Transformer DEBUG] Writing dev/dacommander31/smart_pick/util/PickBlockCache with maxs=true frames=true
[Architectury Transformer DEBUG] Writing dev/dacommander31/smart_pick/util/ClientBlockTagParser with maxs=true frames=true
[Architectury Transformer DEBUG] Writing dev/dacommander31/smart_pick/util/PickBlockCache$ReloadListener with maxs=true frames=true
[Architectury Transformer DEBUG] Writing dev/dacommander31/smart_pick/platform/Platform with maxs=true frames=true
[Architectury Transformer DEBUG] Writing dev/dacommander31/smart_pick/platform/SmartPickPlatform with maxs=true frames=true
[Architectury Transformer DEBUG] Writing dev/dacommander31/smart_pick/mixin/MinecraftMixin with maxs=true frames=true
[Architectury Transformer DEBUG] Checking whether /smart_pick.mixins.json is a mixin config.
[Architectury Transformer DEBUG] Checking whether /smart_pick-common-common-refmap.json is a mixin config.
[Architectury Transformer DEBUG] Found mixin config(s): /smart_pick.mixins.json
[Architectury Transformer DEBUG] Injecting smart_pick-common-common-refmap.json to /smart_pick.mixins.json
[Architectury Transformer DEBUG] Closed File Systems for E:\Minecraft Modding Workspaces\smart_pick-1.20.x\common\build\libs\smart_pick-common-1.0.0-1.20.4-transformProductionFabric.jar
[Architectury Transformer] Transformed jar with 5 transformer(s) in 1.938 s
[Architectury Transformer DEBUG] 
[Architectury Transformer DEBUG] ============================
[Architectury Transformer DEBUG] Transforming from E:\Minecraft Modding Workspaces\smart_pick-1.20.x\common\build\devlibs\smart_pick-common-1.0.0-1.20.4-dev.jar to E:\Minecraft Modding Workspaces\smart_pick-1.20.x\common\build\libs\smart_pick-common-1.0.0-1.20.4-transformProductionNeoForge.jar
[Architectury Transformer DEBUG] ============================
[Architectury Transformer DEBUG] 
[Architectury Transformer DEBUG] Transforming 5 transformer(s) from E:\Minecraft Modding Workspaces\smart_pick-1.20.x\common\build\devlibs\smart_pick-common-1.0.0-1.20.4-dev.jar to E:\Minecraft Modding Workspaces\smart_pick-1.20.x\common\build\libs\smart_pick-common-1.0.0-1.20.4-transformProductionNeoForge.jar: 
[Architectury Transformer DEBUG]  - dev.architectury.transformer.transformers.TransformExpectPlatform@22dc4f5f
[Architectury Transformer DEBUG]  - dev.architectury.transformer.transformers.RemapInjectables@5ac9a488
[Architectury Transformer DEBUG]  - dev.architectury.transformer.transformers.TransformPlatformOnly@271a6191
[Architectury Transformer DEBUG]  - dev.architectury.transformer.transformers.TransformNeoForgeAnnotations@51e4b57f
[Architectury Transformer DEBUG]  - dev.architectury.transformer.transformers.TransformNeoForgeEnvironment@1102aeab
[Architectury Transformer DEBUG] Transforming from E:\Minecraft Modding Workspaces\smart_pick-1.20.x\common\build\devlibs\smart_pick-common-1.0.0-1.20.4-dev.jar to E:\Minecraft Modding Workspaces\smart_pick-1.20.x\common\build\libs\smart_pick-common-1.0.0-1.20.4-transformProductionNeoForge.jar with 5 transformer(s) on dev.architectury.transformer.handler.SimpleTransformerHandler
[Architectury Transformer DEBUG] Remapping with 1 mapping provider(s):
[Architectury Transformer DEBUG]  - dev.architectury.transformer.transformers.TransformNeoForgeEnvironment$$Lambda/0x00000210501577c8@721a5a40
[Architectury Transformer DEBUG] Provided 56 classpath jar(s):
[Architectury Transformer DEBUG]  - E:\GradleFiles\caches\modules-2\files-2.1\dev.architectury\architectury-injectables\1.0.10\62db2a366d662606d1b23ad02ccc3212ed37ec3\architectury-injectables-1.0.10.jar
[Architectury Transformer DEBUG]  - E:\GradleFiles\caches\modules-2\files-2.1\net.fabricmc\fabric-loader\0.18.4\dc4682125d5db647d6ce80a98b98945835adcd4b\fabric-loader-0.18.4.jar
[Architectury Transformer DEBUG]  - E:\GradleFiles\caches\modules-2\files-2.1\org.jetbrains\annotations\26.0.2\c7ce3cdeda3d18909368dfe5977332dfad326c6d\annotations-26.0.2.jar
[Architectury Transformer DEBUG]  - E:\GradleFiles\caches\modules-2\files-2.1\org.ow2.asm\asm\9.9\c29635c8a7afa03d74b33c1884df8abb2b3f3dcc\asm-9.9.jar
[Architectury Transformer DEBUG]  - E:\GradleFiles\caches\modules-2\files-2.1\org.ow2.asm\asm-analysis\9.9\bf4fa6e66638851c1cd22c2caea0c3ee5d5f437\asm-analysis-9.9.jar
[Architectury Transformer DEBUG]  - E:\GradleFiles\caches\modules-2\files-2.1\org.ow2.asm\asm-commons\9.9\db9165a3bf908ded6b08612d583a15d1d0c7bda0\asm-commons-9.9.jar
[Architectury Transformer DEBUG]  - E:\GradleFiles\caches\modules-2\files-2.1\org.ow2.asm\asm-tree\9.9\f8de6eead6d24dd0f45bd065bbe112b2cda6ea21\asm-tree-9.9.jar
[Architectury Transformer DEBUG]  - E:\GradleFiles\caches\modules-2\files-2.1\org.ow2.asm\asm-util\9.9\42fdfc0508b43807c8078d6e82ecff2ce2112ae8\asm-util-9.9.jar
[Architectury Transformer DEBUG]  - E:\GradleFiles\caches\modules-2\files-2.1\net.fabricmc\sponge-mixin\0.17.0+mixin.0.8.7\cf31463202f72d03b0ef1e1e38e8ee71b7faaab6\sponge-mixin-0.17.0+mixin.0.8.7.jar
[Architectury Transformer DEBUG]  - E:\GradleFiles\caches\modules-2\files-2.1\io.github.llamalad7\mixinextras-fabric\0.5.0\91a83dfb7abd320f6236bd1fcf5c0ff143d59a13\mixinextras-fabric-0.5.0.jar
[Architectury Transformer DEBUG]  - E:\GradleFiles\caches\modules-2\files-2.1\com.github.oshi\oshi-core\6.4.5\943ba26de047eb6b28fff47f5ee939a34eb5fc8e\oshi-core-6.4.5.jar
[Architectury Transformer DEBUG]  - E:\GradleFiles\caches\modules-2\files-2.1\com.google.code.gson\gson\2.10.1\b3add478d4382b78ea20b1671390a858002feb6c\gson-2.10.1.jar
[Architectury Transformer DEBUG]  - E:\GradleFiles\caches\modules-2\files-2.1\com.google.guava\failureaccess\1.0.1\1dcf1de382a0bf95a3d8b0849546c88bac1292c9\failureaccess-1.0.1.jar
[Architectury Transformer DEBUG]  - E:\GradleFiles\caches\modules-2\files-2.1\com.google.guava\guava\32.1.2-jre\5e64ec7e056456bef3a4bc4c6fdaef71e8ab6318\guava-32.1.2-jre.jar
[Architectury Transformer DEBUG]  - E:\GradleFiles\caches\modules-2\files-2.1\com.ibm.icu\icu4j\73.2\61ad4ef7f9131fcf6d25c34b817f90d6da06c9e9\icu4j-73.2.jar
[Architectury Transformer DEBUG]  - E:\GradleFiles\caches\modules-2\files-2.1\com.mojang\authlib\6.0.52\65085e2eb921c4a3ebdde3d248637f1776e6d80d\authlib-6.0.52.jar
[Architectury Transformer DEBUG]  - E:\GradleFiles\caches\modules-2\files-2.1\com.mojang\blocklist\1.0.10\5c685c5ffa94c4cd39496c7184c1d122e515ecef\blocklist-1.0.10.jar
[Architectury Transformer DEBUG]  - E:\GradleFiles\caches\modules-2\files-2.1\com.mojang\brigadier\1.2.9\73e324f2ee541493a5179abf367237faa782ed21\brigadier-1.2.9.jar
[Architectury Transformer DEBUG]  - E:\GradleFiles\caches\modules-2\files-2.1\com.mojang\datafixerupper\6.0.8\3ba4a30557a9b057760af4011f909ba619fc5125\datafixerupper-6.0.8.jar
[Architectury Transformer DEBUG]  - E:\GradleFiles\caches\modules-2\files-2.1\com.mojang\logging\1.1.1\832b8e6674a9b325a5175a3a6267dfaf34c85139\logging-1.1.1.jar
[Architectury Transformer DEBUG]  - E:\GradleFiles\caches\modules-2\files-2.1\com.mojang\patchy\2.2.10\da05971b07cbb379d002cf7eaec6a2048211fefc\patchy-2.2.10.jar
[Architectury Transformer DEBUG]  - E:\GradleFiles\caches\modules-2\files-2.1\com.mojang\text2speech\1.17.9\3cad216e3a7f0c19b4b394388bc9ffc446f13b14\text2speech-1.17.9.jar
[Architectury Transformer DEBUG]  - E:\GradleFiles\caches\modules-2\files-2.1\commons-codec\commons-codec\1.16.0\4e3eb3d79888d76b54e28b350915b5dc3919c9de\commons-codec-1.16.0.jar
[Architectury Transformer DEBUG]  - E:\GradleFiles\caches\modules-2\files-2.1\commons-io\commons-io\2.13.0\8bb2bc9b4df17e2411533a0708a69f983bf5e83b\commons-io-2.13.0.jar
[Architectury Transformer DEBUG]  - E:\GradleFiles\caches\modules-2\files-2.1\commons-logging\commons-logging\1.2\4bfc12adfe4842bf07b657f0369c4cb522955686\commons-logging-1.2.jar
[Architectury Transformer DEBUG]  - E:\GradleFiles\caches\modules-2\files-2.1\io.netty\netty-buffer\4.1.97.Final\f8f3d8644afa5e6e1a40a3a6aeb9d9aa970ecb4f\netty-buffer-4.1.97.Final.jar
[Architectury Transformer DEBUG]  - E:\GradleFiles\caches\modules-2\files-2.1\io.netty\netty-codec\4.1.97.Final\384ba4d75670befbedb45c4d3b497a93639c206d\netty-codec-4.1.97.Final.jar
[Architectury Transformer DEBUG]  - E:\GradleFiles\caches\modules-2\files-2.1\io.netty\netty-common\4.1.97.Final\7cceacaf11df8dc63f23d0fb58e9d4640fc88404\netty-common-4.1.97.Final.jar
[Architectury Transformer DEBUG]  - E:\GradleFiles\caches\modules-2\files-2.1\io.netty\netty-handler\4.1.97.Final\abb86c6906bf512bf2b797a41cd7d2e8d3cd7c36\netty-handler-4.1.97.Final.jar
[Architectury Transformer DEBUG]  - E:\GradleFiles\caches\modules-2\files-2.1\io.netty\netty-resolver\4.1.97.Final\cec8348108dc76c47cf87c669d514be52c922144\netty-resolver-4.1.97.Final.jar
[Architectury Transformer DEBUG]  - E:\GradleFiles\caches\modules-2\files-2.1\io.netty\netty-transport-classes-epoll\4.1.97.Final\795da37ded759e862457a82d9d92c4d39ce8ecee\netty-transport-classes-epoll-4.1.97.Final.jar
[Architectury Transformer DEBUG]  - E:\GradleFiles\caches\modules-2\files-2.1\io.netty\netty-transport-native-unix-common\4.1.97.Final\d469d84265ab70095b01b40886cabdd433b6e664\netty-transport-native-unix-common-4.1.97.Final.jar
[Architectury Transformer DEBUG]  - E:\GradleFiles\caches\modules-2\files-2.1\io.netty\netty-transport\4.1.97.Final\f37380d23c9bb079bc702910833b2fd532c9abd0\netty-transport-4.1.97.Final.jar
[Architectury Transformer DEBUG]  - E:\GradleFiles\caches\modules-2\files-2.1\it.unimi.dsi\fastutil\8.5.12\c24946d46824bd528054bface3231d2ecb7e95e8\fastutil-8.5.12.jar
[Architectury Transformer DEBUG]  - E:\GradleFiles\caches\modules-2\files-2.1\net.java.dev.jna\jna-platform\5.13.0\88e9a306715e9379f3122415ef4ae759a352640d\jna-platform-5.13.0.jar
[Architectury Transformer DEBUG]  - E:\GradleFiles\caches\modules-2\files-2.1\net.java.dev.jna\jna\5.13.0\1200e7ebeedbe0d10062093f32925a912020e747\jna-5.13.0.jar
[Architectury Transformer DEBUG]  - E:\GradleFiles\caches\modules-2\files-2.1\net.sf.jopt-simple\jopt-simple\5.0.4\4fdac2fbe92dfad86aa6e9301736f6b4342a3f5c\jopt-simple-5.0.4.jar
[Architectury Transformer DEBUG]  - E:\GradleFiles\caches\modules-2\files-2.1\org.apache.commons\commons-compress\1.22\691a8b4e6cf4248c3bc72c8b719337d5cb7359fa\commons-compress-1.22.jar
[Architectury Transformer DEBUG]  - E:\GradleFiles\caches\modules-2\files-2.1\org.apache.commons\commons-lang3\3.13.0\b7263237aa89c1f99b327197c41d0669707a462e\commons-lang3-3.13.0.jar
[Architectury Transformer DEBUG]  - E:\GradleFiles\caches\modules-2\files-2.1\org.apache.httpcomponents\httpclient\4.5.13\e5f6cae5ca7ecaac1ec2827a9e2d65ae2869cada\httpclient-4.5.13.jar
[Architectury Transformer DEBUG]  - E:\GradleFiles\caches\modules-2\files-2.1\org.apache.httpcomponents\httpcore\4.4.16\51cf043c87253c9f58b539c9f7e44c8894223850\httpcore-4.4.16.jar
[Architectury Transformer DEBUG]  - E:\GradleFiles\caches\modules-2\files-2.1\org.apache.logging.log4j\log4j-api\2.19.0\ea1b37f38c327596b216542bc636cfdc0b8036fa\log4j-api-2.19.0.jar
[Architectury Transformer DEBUG]  - E:\GradleFiles\caches\modules-2\files-2.1\org.apache.logging.log4j\log4j-core\2.19.0\3b6eeb4de4c49c0fe38a4ee27188ff5fee44d0bb\log4j-core-2.19.0.jar
[Architectury Transformer DEBUG]  - E:\GradleFiles\caches\modules-2\files-2.1\org.apache.logging.log4j\log4j-slf4j2-impl\2.19.0\5c04bfdd63ce9dceb2e284b81e96b6a70010ee10\log4j-slf4j2-impl-2.19.0.jar
[Architectury Transformer DEBUG]  - E:\GradleFiles\caches\modules-2\files-2.1\org.joml\joml\1.10.5\22566d58af70ad3d72308bab63b8339906deb649\joml-1.10.5.jar
[Architectury Transformer DEBUG]  - E:\GradleFiles\caches\modules-2\files-2.1\org.lwjgl\lwjgl-glfw\3.3.2\757920418805fb90bfebb3d46b1d9e7669fca2eb\lwjgl-glfw-3.3.2.jar
[Architectury Transformer DEBUG]  - E:\GradleFiles\caches\modules-2\files-2.1\org.lwjgl\lwjgl-jemalloc\3.3.2\877e17e39ebcd58a9c956dc3b5b777813de0873a\lwjgl-jemalloc-3.3.2.jar
[Architectury Transformer DEBUG]  - E:\GradleFiles\caches\modules-2\files-2.1\org.lwjgl\lwjgl-openal\3.3.2\ae5357ed6d934546d3533993ea84c0cfb75eed95\lwjgl-openal-3.3.2.jar
[Architectury Transformer DEBUG]  - E:\GradleFiles\caches\modules-2\files-2.1\org.lwjgl\lwjgl-opengl\3.3.2\ee8e95be0b438602038bc1f02dc5e3d011b1b216\lwjgl-opengl-3.3.2.jar
[Architectury Transformer DEBUG]  - E:\GradleFiles\caches\modules-2\files-2.1\org.lwjgl\lwjgl-stb\3.3.2\a2550795014d622b686e9caac50b14baa87d2c70\lwjgl-stb-3.3.2.jar
[Architectury Transformer DEBUG]  - E:\GradleFiles\caches\modules-2\files-2.1\org.lwjgl\lwjgl-tinyfd\3.3.2\9f65c248dd77934105274fcf8351abb75b34327c\lwjgl-tinyfd-3.3.2.jar
[Architectury Transformer DEBUG]  - E:\GradleFiles\caches\modules-2\files-2.1\org.lwjgl\lwjgl\3.3.2\4421d94af68e35dcaa31737a6fc59136a1e61b94\lwjgl-3.3.2.jar
[Architectury Transformer DEBUG]  - E:\GradleFiles\caches\modules-2\files-2.1\org.slf4j\slf4j-api\2.0.7\41eb7184ea9d556f23e18b5cb99cad1f8581fc00\slf4j-api-2.0.7.jar
[Architectury Transformer DEBUG]  - E:\GradleFiles\caches\fabric-loom\minecraftMaven\net\minecraft\minecraft-merged\1.20.4-loom.mappings.1_20_4.layered+hash.40359-v2\minecraft-merged-1.20.4-loom.mappings.1_20_4.layered+hash.40359-v2.jar
[Architectury Transformer DEBUG]  - E:\GradleFiles\caches\modules-2\files-2.1\io.netty\netty-transport-native-epoll\4.1.97.Final\54188f271e388e7f313aea995e82f58ce2cdb809\netty-transport-native-epoll-4.1.97.Final-linux-x86_64.jar
[Architectury Transformer DEBUG]  - E:\GradleFiles\caches\modules-2\files-2.1\io.netty\netty-transport-native-epoll\4.1.97.Final\5514744c588190ffda076b35a9b8c9f24946a960\netty-transport-native-epoll-4.1.97.Final-linux-aarch_64.jar
[Architectury Transformer] Read classpath in 1.608 s
[Architectury Transformer DEBUG] Remapping Classes:
[Architectury Transformer DEBUG] net/fabricmc/api/EnvType -> net/neoforged/api/distmarker/Dist
[Architectury Transformer DEBUG] net/fabricmc/api/Environment -> net/neoforged/api/distmarker/OnlyIn
[Architectury Transformer DEBUG] Found class transformer
[Architectury Transformer DEBUG] Writing dev/dacommander31/smart_pick/util/PickBlockMapParser with maxs=true frames=true
[Architectury Transformer DEBUG] Writing dev/dacommander31/smart_pick/util/PickBlockCache with maxs=true frames=true
[Architectury Transformer DEBUG] Writing dev/dacommander31/smart_pick/util/ClientBlockTagParser with maxs=true frames=true
[Architectury Transformer DEBUG] Writing dev/dacommander31/smart_pick/util/PickBlockCache$ReloadListener with maxs=true frames=true
[Architectury Transformer DEBUG] Writing dev/dacommander31/smart_pick/platform/Platform with maxs=true frames=true
[Architectury Transformer DEBUG] Writing dev/dacommander31/smart_pick/platform/SmartPickPlatform with maxs=true frames=true
[Architectury Transformer DEBUG] Writing dev/dacommander31/smart_pick/mixin/MinecraftMixin with maxs=true frames=true
[Architectury Transformer DEBUG] Closed File Systems for E:\Minecraft Modding Workspaces\smart_pick-1.20.x\common\build\libs\smart_pick-common-1.0.0-1.20.4-transformProductionNeoForge.jar
[Architectury Transformer] Transformed jar with 5 transformer(s) in 1.828 s
[Architectury Transformer DEBUG] Closed File Systems for E:\Minecraft Modding Workspaces\smart_pick-1.20.x\common\build\libs\smart_pick-common-1.0.0-1.20.4.jar
